// Jest Snapshot v1, https://goo.gl/fbAQLP

exports[`Test in <GifGridItem /> Should show <GifGridItem /> correctly 1`] = `
<div
  className="card animate__animated animate__fadeIn"
>
  <img
    alt="A title"
    src="https://localhost/algo.jpg"
  />
  <p>
    A title
  </p>
</div>
`;
